[grandetest.com/theme/edumy-html/index.html]
[grandetest.com/theme/edumy-html/css/bootstrap.min.css]
[grandetest.com/theme/edumy-html/css/style.css]
[backblue.gif]
[fade.gif]
[index.html]
[grandetest.com/theme/edumy-html/css/responsive.css]
[grandetest.com/theme/edumy-html/images/favicon.ico]
[grandetest.com/theme/edumy-html/images/header-logo.png]
[grandetest.com/theme/edumy-html/images/header-logo2.png]
[grandetest.com/theme/edumy-html/index2.html]
[grandetest.com/theme/edumy-html/index3.html]
[grandetest.com/theme/edumy-html/index4.html]
[grandetest.com/theme/edumy-html/index5.html]
[grandetest.com/theme/edumy-html/index6.html]
[grandetest.com/theme/edumy-html/index7.html]
[grandetest.com/theme/edumy-html/index8.html]
[grandetest.com/theme/edumy-html/page-course-v1.html]
[grandetest.com/theme/edumy-html/page-course-v2.html]
[grandetest.com/theme/edumy-html/page-course-v3.html]
[grandetest.com/theme/edumy-html/page-course-single-v1.html]
[grandetest.com/theme/edumy-html/page-course-single-v2.html]
[grandetest.com/theme/edumy-html/page-terms.html]
[grandetest.com/theme/edumy-html/page-become-instructor.html]
[grandetest.com/theme/edumy-html/page-ui-element.html]
[grandetest.com/theme/edumy-html/page-blog-v1.html]
[grandetest.com/theme/edumy-html/page-blog-grid.html]
[grandetest.com/theme/edumy-html/page-blog-list.html]
[grandetest.com/theme/edumy-html/images/home/1.jpg]
[grandetest.com/theme/edumy-html/page-blog-single.html]
[grandetest.com/theme/edumy-html/images/home/2.jpg]
[grandetest.com/theme/edumy-html/images/home/3.jpg]
[grandetest.com/theme/edumy-html/page-contact.html]
[grandetest.com/theme/edumy-html/images/home/hicon1.png]
[grandetest.com/theme/edumy-html/images/home/hicon2.png]
[grandetest.com/theme/edumy-html/images/home/hicon3.png]
[grandetest.com/theme/edumy-html/images/home/hicon4.png]
[grandetest.com/theme/edumy-html/images/courses/1.jpg]
[grandetest.com/theme/edumy-html/images/courses/2.jpg]
[grandetest.com/theme/edumy-html/images/courses/3.jpg]
[grandetest.com/theme/edumy-html/images/courses/4.jpg]
[grandetest.com/theme/edumy-html/images/courses/5.jpg]
[grandetest.com/theme/edumy-html/images/courses/6.jpg]
[grandetest.com/theme/edumy-html/images/courses/7.jpg]
[grandetest.com/theme/edumy-html/images/courses/8.jpg]
[grandetest.com/theme/edumy-html/images/courses/t1.jpg]
[grandetest.com/theme/edumy-html/images/courses/t2.jpg]
[grandetest.com/theme/edumy-html/images/courses/t3.jpg]
[grandetest.com/theme/edumy-html/images/courses/t4.jpg]
[grandetest.com/theme/edumy-html/images/courses/t5.jpg]
[grandetest.com/theme/edumy-html/images/courses/t6.jpg]
[grandetest.com/theme/edumy-html/images/courses/t7.jpg]
[grandetest.com/theme/edumy-html/images/courses/t8.jpg]
[grandetest.com/theme/edumy-html/images/testimonial/1.jpg]
[grandetest.com/theme/edumy-html/images/testimonial/2.jpg]
[grandetest.com/theme/edumy-html/images/testimonial/3.jpg]
[grandetest.com/theme/edumy-html/images/testimonial/4.jpg]
[grandetest.com/theme/edumy-html/images/blog/1.jpg]
[grandetest.com/theme/edumy-html/images/blog/1a.jpg]
[grandetest.com/theme/edumy-html/images/blog/1b.jpg]
[grandetest.com/theme/edumy-html/images/blog/2.jpg]
[grandetest.com/theme/edumy-html/images/blog/3.jpg]
[grandetest.com/theme/edumy-html/images/resource/phone_home.png]
[grandetest.com/theme/edumy-html/images/partners/1.png]
[grandetest.com/theme/edumy-html/images/partners/2.png]
[grandetest.com/theme/edumy-html/images/partners/3.png]
[grandetest.com/theme/edumy-html/images/partners/4.png]
[grandetest.com/theme/edumy-html/images/partners/5.png]
[grandetest.com/cdn-cgi/scripts/5c5dd728/cloudflare-static/email-decode.min.js]
[grandetest.com/theme/edumy-html/js/jquery-3.3.1.js]
[grandetest.com/theme/edumy-html/js/jquery-migrate-3.0.0.min.js]
[grandetest.com/theme/edumy-html/js/popper.min.js]
[grandetest.com/theme/edumy-html/js/bootstrap.min.js]
[grandetest.com/theme/edumy-html/js/jquery.mmenu.all.js]
[grandetest.com/theme/edumy-html/js/ace-responsive-menu.js]
[grandetest.com/theme/edumy-html/js/bootstrap-select.min.js]
[grandetest.com/theme/edumy-html/js/isotop.js]
[grandetest.com/theme/edumy-html/js/snackbar.min.js]
[grandetest.com/theme/edumy-html/js/simplebar.js]
[grandetest.com/theme/edumy-html/js/parallax.js]
[grandetest.com/theme/edumy-html/js/scrollto.js]
[grandetest.com/theme/edumy-html/js/jquery-scrolltofixed-min.js]
[grandetest.com/theme/edumy-html/js/jquery.counterup.js]
[grandetest.com/theme/edumy-html/js/wow.min.js]
[grandetest.com/theme/edumy-html/js/progressbar.js]
[grandetest.com/theme/edumy-html/js/slider.js]
[grandetest.com/theme/edumy-html/js/timepicker.js]
[grandetest.com/theme/edumy-html/index.html]
[grandetest.com/theme/edumy-html/css/bootstrap.min.css]
[grandetest.com/theme/edumy-html/js/script.js]
[grandetest.com/theme/edumy-html/css/jquery-ui.min.css]
[grandetest.com/theme/edumy-html/css/font-awesome.min.css]
[grandetest.com/theme/edumy-html/css/font-awesome-animation.min.css]
[grandetest.com/theme/edumy-html/css/menu.css]
[grandetest.com/theme/edumy-html/css/ace-responsive-menu.css]
[grandetest.com/theme/edumy-html/css/megadropdown.css]
[grandetest.com/theme/edumy-html/css/bootstrap-select.min.css]
[grandetest.com/theme/edumy-html/css/simplebar.min.css]
[grandetest.com/theme/edumy-html/css/progressbar.css]
[grandetest.com/theme/edumy-html/css/flaticon.css]
[grandetest.com/theme/edumy-html/css/animate.css]
[grandetest.com/theme/edumy-html/css/slider.css]
[grandetest.com/theme/edumy-html/css/magnific-popup.css]
[grandetest.com/theme/edumy-html/css/timecounter.css]
[grandetest.com/theme/edumy-html/images/background/6.jpg]
[grandetest.com/theme/edumy-html/images/home/wave2.png]
[grandetest.com/theme/edumy-html/images/home/wave3.png]
[grandetest.com/theme/edumy-html/images/background/7.jpg]
[grandetest.com/theme/edumy-html/images/home/wave4.png]
[grandetest.com/theme/edumy-html/images/home/wave5.png]
[grandetest.com/theme/edumy-html/images/background/3.jpg]
[grandetest.com/theme/edumy-html/images/background/1.png]
[grandetest.com/theme/edumy-html/images/background/3.png]
[grandetest.com/theme/edumy-html/images/background/inner-pagebg.jpg]
[grandetest.com/theme/edumy-html/images/team/upload_photo.jpg]
[grandetest.com/theme/edumy-html/images/background/2.jpg]
[grandetest.com/theme/edumy-html/images/background/5.jpg]
[grandetest.com/theme/edumy-html/images/background/8.jpg]
[grandetest.com/theme/edumy-html/images/preloader.gif]
[grandetest.com/theme/edumy-html/images/background/2.png]
[grandetest.com/theme/edumy-html/css/style.css]
[grandetest.com/theme/edumy-html/css/responsive.css]
[grandetest.com/theme/edumy-html/images/resource/1.png]
[grandetest.com/theme/edumy-html/images/home/4.jpg]
[grandetest.com/theme/edumy-html/images/home/5.jpg]
[grandetest.com/theme/edumy-html/images/home/6.jpg]
[grandetest.com/theme/edumy-html/images/blog/4.jpg]
[grandetest.com/theme/edumy-html/index2.html]
[grandetest.com/theme/edumy-html/images/blog/5.jpg]
[grandetest.com/theme/edumy-html/images/header-logo3.png]
[grandetest.com/theme/edumy-html/images/about/shape1.png]
[grandetest.com/theme/edumy-html/images/about/shape2.png]
[grandetest.com/theme/edumy-html/images/about/7.png]
[grandetest.com/theme/edumy-html/images/about/shape3.png]
[grandetest.com/theme/edumy-html/images/team/1.png]
[grandetest.com/theme/edumy-html/images/team/2.png]
[grandetest.com/theme/edumy-html/images/team/3.png]
[grandetest.com/theme/edumy-html/images/team/4.png]
[grandetest.com/theme/edumy-html/images/team/5.png]
[grandetest.com/theme/edumy-html/index3.html]
[grandetest.com/theme/edumy-html/images/about/shape4.png]
[grandetest.com/theme/edumy-html/images/blog/h41.jpg]
[grandetest.com/theme/edumy-html/images/blog/h42.jpg]
[grandetest.com/theme/edumy-html/images/blog/h43.jpg]
[grandetest.com/theme/edumy-html/images/testimonial/5.jpg]
[grandetest.com/theme/edumy-html/index4.html]
[grandetest.com/theme/edumy-html/index5.html]
[grandetest.com/theme/edumy-html/images/home/h1.jpg]
[grandetest.com/theme/edumy-html/images/home/h2.jpg]
[grandetest.com/theme/edumy-html/images/home/h3.jpg]
[grandetest.com/theme/edumy-html/images/service/1.jpg]
[grandetest.com/theme/edumy-html/images/service/2.jpg]
[grandetest.com/theme/edumy-html/images/service/3.jpg]
[grandetest.com/theme/edumy-html/images/service/4.jpg]
[grandetest.com/theme/edumy-html/images/about/1.jpg]
[grandetest.com/theme/edumy-html/images/blog/6.jpg]
[grandetest.com/theme/edumy-html/images/blog/s1.jpg]
[grandetest.com/theme/edumy-html/images/blog/s2.jpg]
[grandetest.com/theme/edumy-html/images/blog/s3.jpg]
[grandetest.com/theme/edumy-html/images/blog/s4.jpg]
[grandetest.com/theme/edumy-html/index6.html]
[grandetest.com/theme/edumy-html/images/header-logo4.jpg]
[grandetest.com/theme/edumy-html/images/home/7.jpg]
[grandetest.com/theme/edumy-html/images/home/8.jpg]
[grandetest.com/theme/edumy-html/images/service/5.jpg]
[grandetest.com/theme/edumy-html/images/service/6.jpg]
[grandetest.com/theme/edumy-html/images/service/7.jpg]
[grandetest.com/theme/edumy-html/images/service/8.jpg]
[grandetest.com/theme/edumy-html/images/about/2.jpg]
[grandetest.com/theme/edumy-html/images/about/3.jpg]
[grandetest.com/theme/edumy-html/images/about/4.jpg]
[grandetest.com/theme/edumy-html/index7.html]
[grandetest.com/theme/edumy-html/images/footer-logo-h8.png]
[grandetest.com/theme/edumy-html/images/about/wave.svg]
[grandetest.com/theme/edumy-html/images/about/1.png]
[grandetest.com/theme/edumy-html/images/about/icon1.png]
[grandetest.com/theme/edumy-html/images/about/icon2.png]
[grandetest.com/theme/edumy-html/images/about/icon3.png]
[grandetest.com/theme/edumy-html/images/about/icon4.png]
[grandetest.com/theme/edumy-html/images/about/shape5.png]
[grandetest.com/theme/edumy-html/images/courses/t9.jpg]
[grandetest.com/theme/edumy-html/images/courses/t10.jpg]
[grandetest.com/theme/edumy-html/images/courses/t11.jpg]
[grandetest.com/theme/edumy-html/images/courses/t12.jpg]
[grandetest.com/theme/edumy-html/images/about/shape6.png]
[grandetest.com/theme/edumy-html/images/blog/h81.jpg]
[grandetest.com/theme/edumy-html/images/blog/h82.jpg]
[grandetest.com/theme/edumy-html/images/blog/h83.jpg]
[grandetest.com/theme/edumy-html/images/about/5.jpg]
[grandetest.com/theme/edumy-html/images/about/6.jpg]
[grandetest.com/theme/edumy-html/images/about/7.jpg]
[grandetest.com/theme/edumy-html/index8.html]
[grandetest.com/theme/edumy-html/images/courses/t13.jpg]
[grandetest.com/theme/edumy-html/images/resource/2.png]
[grandetest.com/theme/edumy-html/page-course-v1.html]
[grandetest.com/theme/edumy-html/images/resource/3.png]
[grandetest.com/theme/edumy-html/page-course-v2.html]
[grandetest.com/theme/edumy-html/page-course-v3.html]
[grandetest.com/theme/edumy-html/images/team/6.png]
[grandetest.com/theme/edumy-html/images/resource/review1.png]
[grandetest.com/theme/edumy-html/page-course-single-v1.html]
[grandetest.com/theme/edumy-html/page-course-single-v2.html]
[grandetest.com/theme/edumy-html/page-instructors-single.html]
[grandetest.com/theme/edumy-html/page-event.html]
[grandetest.com/theme/edumy-html/page-event-single.html]
[grandetest.com/theme/edumy-html/page-shop.html]
[grandetest.com/theme/edumy-html/page-shop-single.html]
[grandetest.com/theme/edumy-html/page-shop-cart.html]
[grandetest.com/theme/edumy-html/page-shop-checkout.html]
[grandetest.com/theme/edumy-html/page-shop-order.html]
[grandetest.com/theme/edumy-html/page-dashboard.html]
[grandetest.com/theme/edumy-html/page-my-courses.html]
[grandetest.com/theme/edumy-html/page-my-order.html]
[grandetest.com/theme/edumy-html/page-my-message.html]
[grandetest.com/theme/edumy-html/page-my-review.html]
[grandetest.com/theme/edumy-html/page-my-bookmarks.html]
[grandetest.com/theme/edumy-html/page-my-listing.html]
[grandetest.com/theme/edumy-html/page-my-setting.html]
[grandetest.com/theme/edumy-html/page-about.html]
[grandetest.com/theme/edumy-html/page-gallery.html]
[grandetest.com/theme/edumy-html/page-faq.html]
[grandetest.com/theme/edumy-html/page-login.html]
[grandetest.com/theme/edumy-html/page-register.html]
[grandetest.com/theme/edumy-html/page-pricing.html]
[grandetest.com/theme/edumy-html/page-error.html]
[grandetest.com/theme/edumy-html/page-terms.html]
[grandetest.com/theme/edumy-html/page-become-instructor.html]
[grandetest.com/theme/edumy-html/page-ui-element.html]
[grandetest.com/theme/edumy-html/page-course-single-v3.html]
[grandetest.com/theme/edumy-html/images/blog/2a.jpg]
[grandetest.com/theme/edumy-html/page-instructors.html]
[grandetest.com/theme/edumy-html/images/blog/3a.jpg]
[grandetest.com/theme/edumy-html/images/blog/12.jpg]
[grandetest.com/theme/edumy-html/images/blog/13.jpg]
[grandetest.com/theme/edumy-html/images/blog/14.jpg]
[grandetest.com/theme/edumy-html/page-blog-v1.html]
[grandetest.com/theme/edumy-html/images/blog/bg1.jpg]
[grandetest.com/theme/edumy-html/images/blog/bg2.jpg]
[grandetest.com/theme/edumy-html/images/blog/bg3.jpg]
[grandetest.com/theme/edumy-html/images/blog/bg4.jpg]
[grandetest.com/theme/edumy-html/page-blog-grid.html]
[grandetest.com/theme/edumy-html/images/blog/7.jpg]
[grandetest.com/theme/edumy-html/images/blog/8.jpg]
[grandetest.com/theme/edumy-html/images/blog/9.jpg]
[grandetest.com/theme/edumy-html/page-blog-list.html]
[grandetest.com/theme/edumy-html/page-blog-single.html]
[grandetest.com/theme/edumy-html/page-contact.html]
[grandetest.com/theme/edumy-html/js/googlemaps1.js]
[grandetest.com/theme/edumy-html/css/images/ui-icons_444444_256x240.png]
[grandetest.com/theme/edumy-html/css/images/ui-icons_777777_256x240.png]
[grandetest.com/theme/edumy-html/css/images/ui-icons_555555_256x240.png]
[grandetest.com/theme/edumy-html/css/images/ui-icons_ffffff_256x240.png]
[grandetest.com/theme/edumy-html/css/images/ui-icons_777620_256x240.png]
[grandetest.com/theme/edumy-html/css/images/ui-icons_cc0000_256x240.png]
[grandetest.com/theme/edumy-html/css/jquery-ui.min.css]
[grandetest.com/theme/edumy-html/fonts/fontawesome-webfont3e6e.eot]
[grandetest.com/theme/edumy-html/fonts/fontawesome-webfont3e6e.woff2]
[grandetest.com/theme/edumy-html/fonts/fontawesome-webfontd41d.eot]
[grandetest.com/theme/edumy-html/fonts/fontawesome-webfont3e6e.woff]
[grandetest.com/theme/edumy-html/fonts/fontawesome-webfont3e6e.ttf]
[grandetest.com/theme/edumy-html/css/font-awesome.min.css]
[grandetest.com/theme/edumy-html/css/font-awesome-animation.min.css]
[grandetest.com/theme/edumy-html/css/menu.css]
[grandetest.com/theme/edumy-html/css/ace-responsive-menu.css]
[grandetest.com/theme/edumy-html/css/megadropdown.css]
[grandetest.com/theme/edumy-html/css/bootstrap-select.min.css]
[grandetest.com/theme/edumy-html/css/simplebar.min.css]
[grandetest.com/theme/edumy-html/fonts/fontawesome-webfont3e6e.svg]
[grandetest.com/theme/edumy-html/css/animated-overlay.gif]
[grandetest.com/theme/edumy-html/css/progressbar.css]
[grandetest.com/theme/edumy-html/fonts/Flaticon.eot]
[grandetest.com/theme/edumy-html/fonts/Flaticond41d.eot]
[grandetest.com/theme/edumy-html/fonts/Flaticon.woff2]
[grandetest.com/theme/edumy-html/fonts/Flaticon.woff]
[grandetest.com/theme/edumy-html/fonts/Flaticon.ttf]
[grandetest.com/theme/edumy-html/fonts/Flaticon.svg]
[grandetest.com/theme/edumy-html/css/Flaticon.svg]
[grandetest.com/theme/edumy-html/css/flaticon.css]
[grandetest.com/theme/edumy-html/css/animate.css]
[grandetest.com/theme/edumy-html/css/owl.video.play.png]
[grandetest.com/theme/edumy-html/css/ajax-loader.gif]
[grandetest.com/theme/edumy-html/fonts/slick.eot]
[grandetest.com/theme/edumy-html/fonts/slickd41d.eot]
[grandetest.com/theme/edumy-html/fonts/slick.woff]
[grandetest.com/theme/edumy-html/fonts/slick.ttf]
[grandetest.com/theme/edumy-html/css/slider.css]
[grandetest.com/theme/edumy-html/fonts/slick.svg]
[grandetest.com/theme/edumy-html/css/lightbox/close.png]
[grandetest.com/theme/edumy-html/css/lightbox/loading.gif]
[grandetest.com/theme/edumy-html/css/lightbox/prev.png]
[grandetest.com/theme/edumy-html/css/lightbox/next.png]
[grandetest.com/theme/edumy-html/css/magnific-popup.css]
[grandetest.com/theme/edumy-html/css/timecounter.css]
[grandetest.com/theme/edumy-html/images/about/wave.svg]
[grandetest.com/theme/edumy-html/page-course-single-v3.html]
[grandetest.com/theme/edumy-html/images/team/7.png]
[grandetest.com/theme/edumy-html/images/team/8.png]
[grandetest.com/theme/edumy-html/images/team/9.png]
[grandetest.com/theme/edumy-html/images/team/10.png]
[grandetest.com/theme/edumy-html/page-instructors.html]
[grandetest.com/theme/edumy-html/css/images/ui-icons_444444_256x240.html]
[grandetest.com/theme/edumy-html/css/images/ui-icons_777777_256x240.html]
[grandetest.com/theme/edumy-html/css/images/ui-icons_555555_256x240.html]
[grandetest.com/theme/edumy-html/css/images/ui-icons_ffffff_256x240.html]
[grandetest.com/theme/edumy-html/css/images/ui-icons_777620_256x240.html]
[grandetest.com/theme/edumy-html/css/images/ui-icons_cc0000_256x240.html]
[grandetest.com/theme/edumy-html/fonts/fontawesome-webfont3e6e.svg]
[grandetest.com/theme/edumy-html/fonts/Flaticon.svg]
[grandetest.com/theme/edumy-html/css/Flaticon.html]
[grandetest.com/theme/edumy-html/css/owl.video.play.html]
[grandetest.com/theme/edumy-html/fonts/slick.svg]
